 
****************************************
Report : qor
Design : s386
Version: M-2016.12-SP1
Date   : Tue May 16 20:23:08 2023
****************************************


  Timing Path Group 'ideal_clock1'
  -----------------------------------
  Levels of Logic:               7.00
  Critical Path Length:          1.88
  Critical Path Slack:           0.01
  Critical Path Clk Period:      2.00
  Total Negative Slack:          0.00
  No. of Violating Paths:        0.00
  Worst Hold Violation:          0.00
  Total Hold Violation:          0.00
  No. of Hold Violations:        0.00
  -----------------------------------


  Cell Count
  -----------------------------------
  Hierarchical Cell Count:          6
  Hierarchical Port Count:         18
  Leaf Cell Count:                 87
  Buf/Inv Cell Count:              25
  Buf Cell Count:                   4
  Inv Cell Count:                  21
  CT Buf/Inv Cell Count:            0
  Combinational Cell Count:        81
  Sequential Cell Count:            6
  Macro Count:                      0
  -----------------------------------


  Area
  -----------------------------------
  Combinational Area:      154.011266
  Noncombinational Area:    39.646465
  Buf/Inv Area:             34.817729
  Total Buffer Area:             8.13
  Total Inverter Area:          26.69
  Macro/Black Box Area:      0.000000
  Net Area:                 19.498927
  -----------------------------------
  Cell Area:               193.657731
  Design Area:             213.156658


  Design Rules
  -----------------------------------
  Total Number of Nets:            95
  Nets With Violations:             0
  Max Trans Violations:             0
  Max Cap Violations:               0
  -----------------------------------


  Hostname: xunil-03.coe.drexel.edu

  Compile CPU Statistics
  -----------------------------------------
  Resource Sharing:                    0.00
  Logic Optimization:                  0.34
  Mapping Optimization:                0.32
  -----------------------------------------
  Overall Compile Time:                1.98
  Overall Compile Wall Clock Time:     2.03

  --------------------------------------------------------------------

  Design  WNS: 0.00  TNS: 0.00  Number of Violating Paths: 0


  Design (Hold)  WNS: 0.00  TNS: 0.00  Number of Violating Paths: 0

  --------------------------------------------------------------------


1
