 
****************************************
Report : qor
Design : s386
Version: Q-2019.12
Date   : Tue May 16 20:38:11 2023
****************************************


  Timing Path Group 'ideal_clock1'
  -----------------------------------
  Levels of Logic:               6.00
  Critical Path Length:          0.41
  Critical Path Slack:           0.90
  Critical Path Clk Period:      2.00
  Total Negative Slack:          0.00
  No. of Violating Paths:        0.00
  Worst Hold Violation:         -0.11
  Total Hold Violation:         -0.52
  No. of Hold Violations:        7.00
  -----------------------------------


  Cell Count
  -----------------------------------
  Hierarchical Cell Count:          6
  Hierarchical Port Count:         30
  Leaf Cell Count:                 82
  Buf/Inv Cell Count:              19
  Buf Cell Count:                   3
  Inv Cell Count:                  16
  CT Buf/Inv Cell Count:            0
  Combinational Cell Count:        76
  Sequential Cell Count:            6
  Macro Count:                      0
  -----------------------------------


  Area
  -----------------------------------
  Combinational Area:      147.149377
  Noncombinational Area:    39.646465
  Buf/Inv Area:             26.430976
  Total Buffer Area:             6.10
  Total Inverter Area:          20.33
  Macro/Black Box Area:      0.000000
  Net Area:                 19.544184
  Net XLength        :         446.67
  Net YLength        :         596.28
  -----------------------------------
  Cell Area:               186.795843
  Design Area:             206.340026
  Net Length        :         1042.95


  Design Rules
  -----------------------------------
  Total Number of Nets:            92
  Nets With Violations:             0
  Max Trans Violations:             0
  Max Cap Violations:               0
  -----------------------------------


  Hostname: xunil-03.coe.drexel.edu

  Compile CPU Statistics
  -----------------------------------------
  Resource Sharing:                    0.00
  Logic Optimization:                  0.35
  Mapping Optimization:                0.76
  -----------------------------------------
  Overall Compile Time:                2.59
  Overall Compile Wall Clock Time:     2.94

  --------------------------------------------------------------------

  Design  WNS: 0.00  TNS: 0.00  Number of Violating Paths: 0


  Design (Hold)  WNS: 0.11  TNS: 0.52  Number of Violating Paths: 7

  --------------------------------------------------------------------


1
