 
****************************************
Report : timing
        -path full
        -delay min
        -max_paths 20
Design : s386
Version: Q-2019.12
Date   : Tue May 16 20:23:38 2023
****************************************

 * Some/all delay information is back-annotated.

Operating Conditions: ss0p95v25c   Library: saed32rvt_ss0p95v25c
	Parasitic source    : LPE
	Parasitic mode      : RealRVirtualC
	Extraction mode     : MIN_MAX
	Extraction derating : 125/125/125

Information: Percent of Arnoldi-based delays =  2.41%

  Startpoint: DFF_2/q_reg
              (rising edge-triggered flip-flop clocked by ideal_clock1)
  Endpoint: v13_D_12 (output port clocked by ideal_clock1)
  Path Group: ideal_clock1
  Path Type: min

  Point                                    Incr       Path
  -----------------------------------------------------------
  clock ideal_clock1 (rise edge)           0.00       0.00
  clock network delay (propagated)         0.00       0.00
  DFF_2/q_reg/CLK (DFFX1_RVT)              0.00       0.00 r
  DFF_2/q_reg/Q (DFFX1_RVT)                0.17       0.17 r
  DFF_2/q (dff_4)                          0.00       0.17 r
  U144/Y (AND4X1_RVT)                      0.12 *     0.28 r
  v13_D_12 (out)                           0.00 *     0.28 r
  data arrival time                                   0.28

  clock ideal_clock1 (rise edge)           0.00       0.00
  clock network delay (ideal)              0.40       0.40
  clock uncertainty                        0.05       0.45
  output external delay                   -0.10       0.35
  data required time                                  0.35
  -----------------------------------------------------------
  data required time                                  0.35
  data arrival time                                  -0.28
  -----------------------------------------------------------
  slack (VIOLATED)                                   -0.07


  Startpoint: DFF_2/q_reg
              (rising edge-triggered flip-flop clocked by ideal_clock1)
  Endpoint: v13_D_9 (output port clocked by ideal_clock1)
  Path Group: ideal_clock1
  Path Type: min

  Point                                    Incr       Path
  -----------------------------------------------------------
  clock ideal_clock1 (rise edge)           0.00       0.00
  clock network delay (propagated)         0.00       0.00
  DFF_2/q_reg/CLK (DFFX1_RVT)              0.00       0.00 r
  DFF_2/q_reg/Q (DFFX1_RVT)                0.17       0.17 f
  DFF_2/q (dff_4)                          0.00       0.17 f
  U131/Y (NAND4X0_RVT)                     0.07 *     0.24 r
  U128/Y (NAND2X0_RVT)                     0.06 *     0.30 f
  v13_D_9 (out)                            0.00 *     0.30 f
  data arrival time                                   0.30

  clock ideal_clock1 (rise edge)           0.00       0.00
  clock network delay (ideal)              0.40       0.40
  clock uncertainty                        0.05       0.45
  output external delay                   -0.10       0.35
  data required time                                  0.35
  -----------------------------------------------------------
  data required time                                  0.35
  data arrival time                                  -0.30
  -----------------------------------------------------------
  slack (VIOLATED)                                   -0.05


  Startpoint: DFF_3/q_reg
              (rising edge-triggered flip-flop clocked by ideal_clock1)
  Endpoint: v13_D_10 (output port clocked by ideal_clock1)
  Path Group: ideal_clock1
  Path Type: min

  Point                                    Incr       Path
  -----------------------------------------------------------
  clock ideal_clock1 (rise edge)           0.00       0.00
  clock network delay (propagated)         0.00       0.00
  DFF_3/q_reg/CLK (DFFX1_RVT)              0.00       0.00 r
  DFF_3/q_reg/Q (DFFX1_RVT)                0.16       0.16 r
  DFF_3/q (dff_3)                          0.00       0.16 r
  U146/Y (AND2X1_RVT)                      0.06 *     0.22 r
  U143/Y (AND3X1_RVT)                      0.08 *     0.31 r
  v13_D_10 (out)                           0.00 *     0.31 r
  data arrival time                                   0.31

  clock ideal_clock1 (rise edge)           0.00       0.00
  clock network delay (ideal)              0.40       0.40
  clock uncertainty                        0.05       0.45
  output external delay                   -0.10       0.35
  data required time                                  0.35
  -----------------------------------------------------------
  data required time                                  0.35
  data arrival time                                  -0.31
  -----------------------------------------------------------
  slack (VIOLATED)                                   -0.04


  Startpoint: DFF_2/q_reg
              (rising edge-triggered flip-flop clocked by ideal_clock1)
  Endpoint: v13_D_11 (output port clocked by ideal_clock1)
  Path Group: ideal_clock1
  Path Type: min

  Point                                    Incr       Path
  -----------------------------------------------------------
  clock ideal_clock1 (rise edge)           0.00       0.00
  clock network delay (propagated)         0.00       0.00
  DFF_2/q_reg/CLK (DFFX1_RVT)              0.00       0.00 r
  DFF_2/q_reg/Q (DFFX1_RVT)                0.17       0.17 f
  DFF_2/q (dff_4)                          0.00       0.17 f
  U131/Y (NAND4X0_RVT)                     0.07 *     0.24 r
  U130/Y (NAND3X0_RVT)                     0.07 *     0.32 f
  v13_D_11 (out)                           0.00 *     0.32 f
  data arrival time                                   0.32

  clock ideal_clock1 (rise edge)           0.00       0.00
  clock network delay (ideal)              0.40       0.40
  clock uncertainty                        0.05       0.45
  output external delay                   -0.10       0.35
  data required time                                  0.35
  -----------------------------------------------------------
  data required time                                  0.35
  data arrival time                                  -0.32
  -----------------------------------------------------------
  slack (VIOLATED)                                   -0.03


  Startpoint: DFF_2/q_reg
              (rising edge-triggered flip-flop clocked by ideal_clock1)
  Endpoint: v13_D_8 (output port clocked by ideal_clock1)
  Path Group: ideal_clock1
  Path Type: min

  Point                                    Incr       Path
  -----------------------------------------------------------
  clock ideal_clock1 (rise edge)           0.00       0.00
  clock network delay (propagated)         0.00       0.00
  DFF_2/q_reg/CLK (DFFX1_RVT)              0.00       0.00 r
  DFF_2/q_reg/Q (DFFX1_RVT)                0.17       0.17 f
  DFF_2/q (dff_4)                          0.00       0.17 f
  U131/Y (NAND4X0_RVT)                     0.07 *     0.24 r
  U129/Y (NOR2X1_RVT)                      0.09 *     0.33 f
  v13_D_8 (out)                            0.00 *     0.33 f
  data arrival time                                   0.33

  clock ideal_clock1 (rise edge)           0.00       0.00
  clock network delay (ideal)              0.40       0.40
  clock uncertainty                        0.05       0.45
  output external delay                   -0.10       0.35
  data required time                                  0.35
  -----------------------------------------------------------
  data required time                                  0.35
  data arrival time                                  -0.33
  -----------------------------------------------------------
  slack (VIOLATED)                                   -0.02


  Startpoint: DFF_0/q_reg
              (rising edge-triggered flip-flop clocked by ideal_clock1)
  Endpoint: v13_D_7 (output port clocked by ideal_clock1)
  Path Group: ideal_clock1
  Path Type: min

  Point                                    Incr       Path
  -----------------------------------------------------------
  clock ideal_clock1 (rise edge)           0.00       0.00
  clock network delay (propagated)         0.00       0.00
  DFF_0/q_reg/CLK (DFFX1_RVT)              0.00       0.00 r
  DFF_0/q_reg/Q (DFFX1_RVT)                0.16       0.16 r
  DFF_0/q (dff_0)                          0.00       0.16 r
  U90/Y (INVX1_RVT)                        0.03 *     0.19 f
  U101/Y (AND2X1_RVT)                      0.08 *     0.27 f
  U114/Y (AND2X1_RVT)                      0.06 *     0.33 f
  v13_D_7 (out)                            0.00 *     0.33 f
  data arrival time                                   0.33

  clock ideal_clock1 (rise edge)           0.00       0.00
  clock network delay (ideal)              0.40       0.40
  clock uncertainty                        0.05       0.45
  output external delay                   -0.10       0.35
  data required time                                  0.35
  -----------------------------------------------------------
  data required time                                  0.35
  data arrival time                                  -0.33
  -----------------------------------------------------------
  slack (VIOLATED)                                   -0.02


  Startpoint: DFF_0/q_reg
              (rising edge-triggered flip-flop clocked by ideal_clock1)
  Endpoint: v13_D_6 (output port clocked by ideal_clock1)
  Path Group: ideal_clock1
  Path Type: min

  Point                                    Incr       Path
  -----------------------------------------------------------
  clock ideal_clock1 (rise edge)           0.00       0.00
  clock network delay (propagated)         0.00       0.00
  DFF_0/q_reg/CLK (DFFX1_RVT)              0.00       0.00 r
  DFF_0/q_reg/Q (DFFX1_RVT)                0.16       0.16 r
  DFF_0/q (dff_0)                          0.00       0.16 r
  U90/Y (INVX1_RVT)                        0.03 *     0.19 f
  U101/Y (AND2X1_RVT)                      0.08 *     0.27 f
  U139/Y (AO22X1_RVT)                      0.07 *     0.34 f
  v13_D_6 (out)                            0.00 *     0.34 f
  data arrival time                                   0.34

  clock ideal_clock1 (rise edge)           0.00       0.00
  clock network delay (ideal)              0.40       0.40
  clock uncertainty                        0.05       0.45
  output external delay                   -0.10       0.35
  data required time                                  0.35
  -----------------------------------------------------------
  data required time                                  0.35
  data arrival time                                  -0.34
  -----------------------------------------------------------
  slack (VIOLATED)                                   -0.01


  Startpoint: DFF_4/q_reg
              (rising edge-triggered flip-flop clocked by ideal_clock1)
  Endpoint: DFF_0/q_reg
            (rising edge-triggered flip-flop clocked by ideal_clock1)
  Path Group: ideal_clock1
  Path Type: min

  Point                                    Incr       Path
  -----------------------------------------------------------
  clock ideal_clock1 (rise edge)           0.00       0.00
  clock network delay (propagated)         0.00       0.00
  DFF_4/q_reg/CLK (DFFX1_RVT)              0.00       0.00 r
  DFF_4/q_reg/Q (DFFX1_RVT)                0.17       0.17 f
  DFF_4/q (dff_2)                          0.00       0.17 f
  U125/Y (NAND3X0_RVT)                     0.04 *     0.21 r
  U138/Y (NAND2X0_RVT)                     0.04 *     0.25 f
  DFF_0/d (dff_0)                          0.00       0.25 f
  DFF_0/q_reg/D (DFFX1_RVT)                0.00 *     0.25 f
  data arrival time                                   0.25

  clock ideal_clock1 (rise edge)           0.00       0.00
  clock network delay (propagated)         0.00       0.00
  clock uncertainty                        0.05       0.05
  DFF_0/q_reg/CLK (DFFX1_RVT)              0.00       0.05 r
  library hold time                       -0.02       0.03
  data required time                                  0.03
  -----------------------------------------------------------
  data required time                                  0.03
  data arrival time                                  -0.25
  -----------------------------------------------------------
  slack (MET)                                         0.23


  Startpoint: DFF_0/q_reg
              (rising edge-triggered flip-flop clocked by ideal_clock1)
  Endpoint: DFF_4/q_reg
            (rising edge-triggered flip-flop clocked by ideal_clock1)
  Path Group: ideal_clock1
  Path Type: min

  Point                                    Incr       Path
  -----------------------------------------------------------
  clock ideal_clock1 (rise edge)           0.00       0.00
  clock network delay (propagated)         0.00       0.00
  DFF_0/q_reg/CLK (DFFX1_RVT)              0.00       0.00 r
  DFF_0/q_reg/Q (DFFX1_RVT)                0.16       0.16 r
  DFF_0/q (dff_0)                          0.00       0.16 r
  U102/Y (OAI22X1_RVT)                     0.09 *     0.25 f
  U135/Y (AND2X1_RVT)                      0.06 *     0.31 f
  DFF_4/d (dff_2)                          0.00       0.31 f
  DFF_4/q_reg/D (DFFX1_RVT)                0.00 *     0.31 f
  data arrival time                                   0.31

  clock ideal_clock1 (rise edge)           0.00       0.00
  clock network delay (propagated)         0.00       0.00
  clock uncertainty                        0.05       0.05
  DFF_4/q_reg/CLK (DFFX1_RVT)              0.00       0.05 r
  library hold time                       -0.02       0.03
  data required time                                  0.03
  -----------------------------------------------------------
  data required time                                  0.03
  data arrival time                                  -0.31
  -----------------------------------------------------------
  slack (MET)                                         0.27


  Startpoint: DFF_1/q_reg
              (rising edge-triggered flip-flop clocked by ideal_clock1)
  Endpoint: DFF_5/q_reg
            (rising edge-triggered flip-flop clocked by ideal_clock1)
  Path Group: ideal_clock1
  Path Type: min

  Point                                    Incr       Path
  -----------------------------------------------------------
  clock ideal_clock1 (rise edge)           0.00       0.00
  clock network delay (propagated)         0.00       0.00
  DFF_1/q_reg/CLK (DFFX1_RVT)              0.00       0.00 r
  DFF_1/q_reg/Q (DFFX1_RVT)                0.17       0.17 f
  DFF_1/q (dff_5)                          0.00       0.17 f
  U76/Y (OA21X1_RVT)                       0.08 *     0.25 f
  U126/Y (OA21X1_RVT)                      0.08 *     0.33 f
  DFF_5/d (dff_1)                          0.00       0.33 f
  DFF_5/q_reg/D (DFFX1_RVT)                0.00 *     0.33 f
  data arrival time                                   0.33

  clock ideal_clock1 (rise edge)           0.00       0.00
  clock network delay (propagated)         0.00       0.00
  clock uncertainty                        0.05       0.05
  DFF_5/q_reg/CLK (DFFX1_RVT)              0.00       0.05 r
  library hold time                       -0.02       0.03
  data required time                                  0.03
  -----------------------------------------------------------
  data required time                                  0.03
  data arrival time                                  -0.33
  -----------------------------------------------------------
  slack (MET)                                         0.30


  Startpoint: DFF_3/q_reg
              (rising edge-triggered flip-flop clocked by ideal_clock1)
  Endpoint: DFF_3/q_reg
            (rising edge-triggered flip-flop clocked by ideal_clock1)
  Path Group: ideal_clock1
  Path Type: min

  Point                                    Incr       Path
  -----------------------------------------------------------
  clock ideal_clock1 (rise edge)           0.00       0.00
  clock network delay (propagated)         0.00       0.00
  DFF_3/q_reg/CLK (DFFX1_RVT)              0.00       0.00 r
  DFF_3/q_reg/Q (DFFX1_RVT)                0.16       0.16 f
  DFF_3/q (dff_3)                          0.00       0.16 f
  U146/Y (AND2X1_RVT)                      0.07 *     0.23 f
  U145/Y (NAND3X0_RVT)                     0.04 *     0.27 r
  U133/Y (NAND3X0_RVT)                     0.05 *     0.32 f
  DFF_3/d (dff_3)                          0.00       0.32 f
  DFF_3/q_reg/D (DFFX1_RVT)                0.00 *     0.32 f
  data arrival time                                   0.32

  clock ideal_clock1 (rise edge)           0.00       0.00
  clock network delay (propagated)         0.00       0.00
  clock uncertainty                        0.05       0.05
  DFF_3/q_reg/CLK (DFFX1_RVT)              0.00       0.05 r
  library hold time                       -0.03       0.02
  data required time                                  0.02
  -----------------------------------------------------------
  data required time                                  0.02
  data arrival time                                  -0.32
  -----------------------------------------------------------
  slack (MET)                                         0.30


  Startpoint: DFF_2/q_reg
              (rising edge-triggered flip-flop clocked by ideal_clock1)
  Endpoint: DFF_2/q_reg
            (rising edge-triggered flip-flop clocked by ideal_clock1)
  Path Group: ideal_clock1
  Path Type: min

  Point                                    Incr       Path
  -----------------------------------------------------------
  clock ideal_clock1 (rise edge)           0.00       0.00
  clock network delay (propagated)         0.00       0.00
  DFF_2/q_reg/CLK (DFFX1_RVT)              0.00       0.00 r
  DFF_2/q_reg/Q (DFFX1_RVT)                0.17       0.17 f
  DFF_2/q (dff_4)                          0.00       0.17 f
  U123/Y (NAND3X0_RVT)                     0.05 *     0.22 r
  U121/Y (NAND2X0_RVT)                     0.04 *     0.26 f
  U120/Y (AO21X1_RVT)                      0.08 *     0.34 f
  DFF_2/d (dff_4)                          0.00       0.34 f
  DFF_2/q_reg/D (DFFX1_RVT)                0.00 *     0.34 f
  data arrival time                                   0.34

  clock ideal_clock1 (rise edge)           0.00       0.00
  clock network delay (propagated)         0.00       0.00
  clock uncertainty                        0.05       0.05
  DFF_2/q_reg/CLK (DFFX1_RVT)              0.00       0.05 r
  library hold time                       -0.01       0.04
  data required time                                  0.04
  -----------------------------------------------------------
  data required time                                  0.04
  data arrival time                                  -0.34
  -----------------------------------------------------------
  slack (MET)                                         0.30


  Startpoint: DFF_1/q_reg
              (rising edge-triggered flip-flop clocked by ideal_clock1)
  Endpoint: DFF_1/q_reg
            (rising edge-triggered flip-flop clocked by ideal_clock1)
  Path Group: ideal_clock1
  Path Type: min

  Point                                    Incr       Path
  -----------------------------------------------------------
  clock ideal_clock1 (rise edge)           0.00       0.00
  clock network delay (propagated)         0.00       0.00
  DFF_1/q_reg/CLK (DFFX1_RVT)              0.00       0.00 r
  DFF_1/q_reg/Q (DFFX1_RVT)                0.17       0.17 f
  DFF_1/q (dff_5)                          0.00       0.17 f
  U99/Y (NAND3X0_RVT)                      0.06 *     0.24 r
  U147/Y (INVX0_RVT)                       0.04 *     0.27 f
  U140/Y (AO22X1_RVT)                      0.07 *     0.34 f
  DFF_1/d (dff_5)                          0.00       0.34 f
  DFF_1/q_reg/D (DFFX1_RVT)                0.00 *     0.34 f
  data arrival time                                   0.34

  clock ideal_clock1 (rise edge)           0.00       0.00
  clock network delay (propagated)         0.00       0.00
  clock uncertainty                        0.05       0.05
  DFF_1/q_reg/CLK (DFFX1_RVT)              0.00       0.05 r
  library hold time                       -0.02       0.03
  data required time                                  0.03
  -----------------------------------------------------------
  data required time                                  0.03
  data arrival time                                  -0.34
  -----------------------------------------------------------
  slack (MET)                                         0.31


1
